
> web@0.1.0 test
> vitest run && npm run test:parity-matrix && npm run test:parity-matrix:negative && npm run test:blab-parity && npm run test:blab-parity:negative && npm run test:blab-render && npm run test:ui-primitives && npm run test:ui-primitives:negative


 RUN  v3.2.7 /private/tmp/bookgolas-web-431/web

 ✓ src/lib/auth-boundary.test.ts (5 tests) 85ms
 ✓ src/proxy.test.ts (20 tests) 13ms
 ✓ src/app/api/consumer/consent/route.test.ts (3 tests) 12ms
 ✓ src/lib/product/contracts/requests.test.ts (18 tests) 12ms
 ✓ src/lib/product/contracts/contracts.test.ts (26 tests) 16ms
 ✓ src/app/api/app/books/route.test.ts (4 tests) 10ms
 ✓ src/app/api/consumer/book-discovery/route.test.ts (4 tests) 13ms
 ✓ src/lib/product/adapters.test.ts (13 tests) 22ms
 ✓ src/lib/product/dal.test.ts (9 tests) 24ms
 ✓ src/app/api/app/books/[bookId]/route.test.ts (4 tests) 9ms
 ✓ src/app/[locale]/(auth)/auth/callback/route.test.ts (7 tests) 15ms
 ✓ src/app/api/app/books/search/route.test.ts (2 tests) 9ms
 ✓ src/lib/product/dal.writes.test.ts (6 tests) 18ms
 ✓ src/app/api/consumer/book-lifecycle/route.test.ts (3 tests) 11ms
 ✓ src/lib/product/adapters.tables.test.ts (4 tests) 8ms
 ✓ src/lib/product/contracts/book-lifecycle.test.ts (5 tests) 20ms
 ✓ src/lib/consumer/library.test.ts (4 tests) 6ms
 ✓ src/lib/product/dal.records.test.ts (2 tests) 8ms
 ✓ src/lib/consumer/shell.test.ts (3 tests) 2ms
 ✓ src/lib/consumer/auth.test.ts (8 tests) 11ms
 ✓ src/lib/consumer/oauth.test.ts (5 tests) 5ms
 ✓ src/lib/product/contracts/book-discovery.test.ts (4 tests) 6ms
 ✓ src/lib/consumer/queries.test.ts (6 tests) 21ms
 ✓ src/app/actions/reading-progress.test.ts (3 tests) 8ms
 ✓ src/lib/consumer/paths.test.ts (28 tests) 4ms
 ✓ src/lib/consumer/home-book-list.test.ts (6 tests) 3ms
 ✓ src/lib/product/adapters.storage.test.ts (4 tests) 8ms
 ✓ src/lib/consumer/session-lifecycle.test.ts (7 tests) 3ms
 ✓ src/lib/consumer/types.test.ts (2 tests) 2ms
 ✓ src/lib/consumer/route-fixture.test.ts (9 tests) 3ms
 ✓ src/lib/consumer/isbn.test.ts (2 tests) 2ms
 ✓ src/lib/consumer/onboarding.test.ts (3 tests) 3ms
 ✓ src/lib/product/adapters.book-search.test.ts (1 test) 5ms

 Test Files  33 passed (33)
      Tests  230 passed (230)
   Start at  04:31:03
   Duration  1.36s (transform 808ms, setup 0ms, collect 4.54s, tests 396ms, environment 4ms, prepare 2.08s)


> web@0.1.0 test:parity-matrix
> node scripts/test-parity-matrix.mjs

parity matrix passed: 20 routes, 53 overlays, 8 capabilities

> web@0.1.0 test:parity-matrix:negative
> node scripts/test-parity-matrix.mjs --assert-fixtures

parity negative fixtures passed: 59

> web@0.1.0 test:blab-parity
> node scripts/test-blab-parity.mjs

BLDS React parity contract passed: artifact=vendor/byungsker-blab-design-system-0.2.0.tgz sha256=4a3508b4e01de95c0e90269b9cc891bafcba51a05240ecef871b6295f378bd7a contract=docs/blab-react-parity-contract.json evidence=docs/evidence/bookgolas-web-app-parity

> web@0.1.0 test:blab-parity:negative
> node scripts/test-blab-parity.mjs --fixture missing-component

BLDS parity negative fixture passed: adapter is missing ConsumerButton

> web@0.1.0 test:blab-render
> node scripts/test-blab-render.mjs

BLDS SSR state contract passed: loading, empty, error, retry, loading button, text field and accessible roles

> web@0.1.0 test:ui-primitives
> node scripts/test-ui-primitives.mjs

UI primitive contract passed: DESIGN.md, BLDS adapters, localized states, dev-only tooling and reduced-motion coverage

> web@0.1.0 test:ui-primitives:negative
> node scripts/test-ui-primitives.mjs --fixture missing-focus

UI primitive negative fixture passed: consumer showcase focus ring rule is missing
