
> web@0.1.0 test:e2e
> playwright test --project=firefox

[WebServer] (node:77666) Warning: The 'NO_COLOR' env is ignored due to the 'FORCE_COLOR' env being set.
[WebServer] (Use `node --trace-warnings ...` to show where the warning was created)
[WebServer] (node:77718) Warning: The 'NO_COLOR' env is ignored due to the 'FORCE_COLOR' env being set.
[WebServer] (Use `node --trace-warnings ...` to show where the warning was created)
[WebServer] (node:77719) Warning: The 'NO_COLOR' env is ignored due to the 'FORCE_COLOR' env being set.
[WebServer] (Use `node --trace-warnings ...` to show where the warning was created)
[WebServer] (node:77719) Warning: The 'NO_COLOR' env is ignored due to the 'FORCE_COLOR' env being set.
[WebServer] (Use `node --trace-warnings ...` to show where the warning was created)
[WebServer] (node:77723) Warning: The 'NO_COLOR' env is ignored due to the 'FORCE_COLOR' env being set.
[WebServer] (Use `node --trace-warnings ...` to show where the warning was created)
[WebServer] (node:77742) Warning: The 'NO_COLOR' env is ignored due to the 'FORCE_COLOR' env being set.
[WebServer] (Use `node --trace-warnings ...` to show where the warning was created)
[WebServer] (node:77745) Warning: The 'NO_COLOR' env is ignored due to the 'FORCE_COLOR' env being set.
[WebServer] (Use `node --trace-warnings ...` to show where the warning was created)
[WebServer] (node:77748) Warning: The 'NO_COLOR' env is ignored due to the 'FORCE_COLOR' env being set.
[WebServer] (Use `node --trace-warnings ...` to show where the warning was created)
[WebServer] (node:77740) Warning: The 'NO_COLOR' env is ignored due to the 'FORCE_COLOR' env being set.
[WebServer] (Use `node --trace-warnings ...` to show where the warning was created)
[WebServer] (node:77741) Warning: The 'NO_COLOR' env is ignored due to the 'FORCE_COLOR' env being set.
[WebServer] (Use `node --trace-warnings ...` to show where the warning was created)
[WebServer] (node:77747) Warning: The 'NO_COLOR' env is ignored due to the 'FORCE_COLOR' env being set.
[WebServer] (Use `node --trace-warnings ...` to show where the warning was created)
[WebServer] (node:77744) Warning: The 'NO_COLOR' env is ignored due to the 'FORCE_COLOR' env being set.
[WebServer] (Use `node --trace-warnings ...` to show where the warning was created)
[WebServer] (node:77746) Warning: The 'NO_COLOR' env is ignored due to the 'FORCE_COLOR' env being set.
[WebServer] (Use `node --trace-warnings ...` to show where the warning was created)
[WebServer] (node:77743) Warning: The 'NO_COLOR' env is ignored due to the 'FORCE_COLOR' env being set.
[WebServer] (Use `node --trace-warnings ...` to show where the warning was created)
[WebServer] (node:77772) Warning: The 'NO_COLOR' env is ignored due to the 'FORCE_COLOR' env being set.
[WebServer] (Use `node --trace-warnings ...` to show where the warning was created)

Running 165 tests using 5 workers

(node:77774) Warning: The 'NO_COLOR' env is ignored due to the 'FORCE_COLOR' env being set.
(Use `node --trace-warnings ...` to show where the warning was created)
(node:77775) Warning: The 'NO_COLOR' env is ignored due to the 'FORCE_COLOR' env being set.
(Use `node --trace-warnings ...` to show where the warning was created)
(node:77776) Warning: The 'NO_COLOR' env is ignored due to the 'FORCE_COLOR' env being set.
(Use `node --trace-warnings ...` to show where the warning was created)
(node:77777) Warning: The 'NO_COLOR' env is ignored due to the 'FORCE_COLOR' env being set.
(Use `node --trace-warnings ...` to show where the warning was created)
(node:77773) Warning: The 'NO_COLOR' env is ignored due to the 'FORCE_COLOR' env being set.
(Use `node --trace-warnings ...` to show where the warning was created)
  ✓    5 [firefox] › tests/e2e/auth-email.spec.ts:145:13 › responsive ko sign-in mobile light (2.1s)
  ✓    4 [firefox] › tests/e2e/auth-oauth.spec.ts:33:7 › Google PKCE success creates a session and preserves the locale return (2.4s)
  ✓    2 [firefox] › tests/e2e/ai-artifacts.spec.ts:20:5 › mindmap renders the owned note structure and connections (2.6s)
  ✓    6 [firefox] › tests/e2e/auth-email.spec.ts:145:13 › responsive ko sign-in mobile dark (1.4s)
  ✓    7 [firefox] › tests/e2e/auth-oauth.spec.ts:33:7 › Apple PKCE success creates a session and preserves the locale return (1.4s)
  ✓    1 [firefox] › tests/e2e/ai-consent.spec.ts:24:5 › grant and withdraw provider-specific consent state (2.9s)
  ✓    8 [firefox] › tests/e2e/ai-artifacts.spec.ts:30:5 › reading insights renders localized insight cards (969ms)
  ✓    9 [firefox] › tests/e2e/auth-email.spec.ts:145:13 › responsive ko sign-in tablet light (1.0s)
  ✓   10 [firefox] › tests/e2e/auth-oauth.spec.ts:55:5 › invalid or expired callback code returns a generic localized error (523ms)
  ✓   14 [firefox] › tests/e2e/auth-oauth.spec.ts:66:5 › invalid provider cancellation hides provider details (489ms)
  ✓   12 [firefox] › tests/e2e/ai-artifacts.spec.ts:37:5 › recommendation screen opens the browser action dialog (1.2s)
  ✓   13 [firefox] › tests/e2e/auth-email.spec.ts:145:13 › responsive ko sign-in tablet dark (1.1s)
  ✓   15 [firefox] › tests/e2e/auth-oauth.spec.ts:80:5 › invalid provider error is generic and hides provider details (592ms)
  ✓    3 [firefox] › tests/e2e/account-settings.spec.ts:24:5 › profile avatar theme and language round trip (4.0s)
  ✓   11 [firefox] › tests/e2e/ai-consent.spec.ts:51:5 › unknown consent state stays blocked and unavailable state is visible (2.0s)
  ✓   18 [firefox] › tests/e2e/auth-oauth.spec.ts:94:5 › external returnTo is rejected by the full callback flow (632ms)
  ✓   17 [firefox] › tests/e2e/auth-email.spec.ts:145:13 › responsive ko sign-in desktop light (1.1s)
  ✓   16 [firefox] › tests/e2e/ai-artifacts.spec.ts:46:5 › missing and expired caches regenerate once per request (1.8s)
  ✓   19 [firefox] › tests/e2e/account-settings.spec.ts:51:5 › subscription entry remains disabled on Web (1.6s)
  ✓   22 [firefox] › tests/e2e/auth-email.spec.ts:145:13 › responsive ko sign-in desktop dark (989ms)
  ✓   25 [firefox] › tests/e2e/auth-email.spec.ts:145:13 › responsive ko sign-up mobile light (954ms)
  ✓   23 [firefox] › tests/e2e/ai-artifacts.spec.ts:58:5 › rate-limit and provider states remain visible (1.7s)
  ✓   24 [firefox] › tests/e2e/account-settings.spec.ts:62:5 › foreign profile update and avatar failure preserve ownership (2.0s)
  ✓   26 [firefox] › tests/e2e/auth-email.spec.ts:145:13 › responsive ko sign-up mobile dark (1.5s)
  ✓   29 [firefox] › tests/e2e/auth-email.spec.ts:145:13 › responsive ko sign-up tablet light (1.0s)
  ✓   28 [firefox] › tests/e2e/account-settings.spec.ts:75:5 › password validation and provider failure keep the password local (2.7s)
  ✓   30 [firefox] › tests/e2e/auth-email.spec.ts:145:13 › responsive ko sign-up tablet dark (1.3s)
  ✘   21 [firefox] › tests/e2e/blab-parity.spec.ts:17:9 › ko BLDS consumer contract at mobile (6.0s)
(node:77875) Warning: The 'NO_COLOR' env is ignored due to the 'FORCE_COLOR' env being set.
(Use `node --trace-warnings ...` to show where the warning was created)
  ✓   32 [firefox] › tests/e2e/auth-email.spec.ts:145:13 › responsive ko sign-up desktop light (954ms)
  ✓   27 [firefox] › tests/e2e/ai-artifacts.spec.ts:68:5 › empty, source-change, consent, quota and offline fixtures stay distinct (4.6s)
  ✓   34 [firefox] › tests/e2e/auth-email.spec.ts:145:13 › responsive ko sign-up desktop dark (963ms)
  ✓   35 [firefox] › tests/e2e/ai-artifacts.spec.ts:87:5 › foreign and unauthorized artifacts fail closed (1.7s)
  ✓   36 [firefox] › tests/e2e/auth-email.spec.ts:145:13 › responsive ko reset-password mobile light (1.0s)
  ✓   38 [firefox] › tests/e2e/auth-email.spec.ts:145:13 › responsive ko reset-password mobile dark (944ms)
  ✓   31 [firefox] › tests/e2e/account-settings.spec.ts:99:5 › loading empty error unauthorized consent quota and offline account states (5.3s)
  ✓   37 [firefox] › tests/e2e/book-detail.spec.ts:22:5 › detail exposes metadata and completes before a confirmed delete (2.1s)
  ✓   39 [firefox] › tests/e2e/auth-email.spec.ts:145:13 › responsive ko reset-password tablet light (990ms)
  ✓   41 [firefox] › tests/e2e/auth-email.spec.ts:145:13 › responsive ko reset-password tablet dark (1.0s)
  ✓   20 [firefox] › tests/e2e/ai-consent.spec.ts:65:5 › quota budget provider and other operational error states (12.8s)
  ✓   42 [firefox] › tests/e2e/book-detail.spec.ts:56:5 › detail supports planned start and paused resume actions (1.8s)
  ✓   43 [firefox] › tests/e2e/auth-email.spec.ts:145:13 › responsive ko reset-password desktop light (909ms)
  ✓   46 [firefox] › tests/e2e/auth-email.spec.ts:145:13 › responsive ko reset-password desktop dark (909ms)
  ✓   40 [firefox] › tests/e2e/book-discovery.spec.ts:19:5 › search and manual-isbn happy path keeps native search and recommendation entry (3.0s)
  ✘   33 [firefox] › tests/e2e/blab-parity.spec.ts:17:9 › ko BLDS consumer contract at desktop (6.9s)
  ✓   47 [firefox] › tests/e2e/auth-email.spec.ts:145:13 › responsive en sign-in mobile light (854ms)
(node:77914) Warning: The 'NO_COLOR' env is ignored due to the 'FORCE_COLOR' env being set.
(Use `node --trace-warnings ...` to show where the warning was created)
  ✓   45 [firefox] › tests/e2e/book-detail.spec.ts:74:5 › foreign, deleted and invalid-transition detail requests fail closed (2.6s)
  ✓   44 [firefox] › tests/e2e/book-lifecycle.spec.ts:19:5 › add and schedule lifecycle saves metadata, status, priority and an edited daily goal (3.7s)
  ✓   49 [firefox] › tests/e2e/auth-email.spec.ts:145:13 › responsive en sign-in mobile dark (1.6s)
  ✓   51 [firefox] › tests/e2e/calendar.spec.ts:19:5 › calendar month navigation and filters (1.6s)
  ✓   48 [firefox] › tests/e2e/book-discovery.spec.ts:49:5 › latest search cancels a stale provider response (3.0s)
  ✓   53 [firefox] › tests/e2e/auth-email.spec.ts:145:13 › responsive en sign-in tablet light (1.1s)
  ✓   54 [firefox] › tests/e2e/calendar.spec.ts:44:5 › calendar day-detail opens owned book (1.0s)
  ✓   52 [firefox] › tests/e2e/book-lifecycle.spec.ts:56:5 › invalid, duplicate and foreign writes stay bounded and recoverable (2.0s)
  ✓   56 [firefox] › tests/e2e/auth-email.spec.ts:145:13 › responsive en sign-in tablet dark (864ms)
  ✓   57 [firefox] › tests/e2e/calendar.spec.ts:57:5 › calendar timezone keeps UTC midnight events on the correct KST day (1.1s)
  ✓   55 [firefox] › tests/e2e/book-discovery.spec.ts:61:5 › unsupported invalid upstream states preserve scanner and manual fallbacks (2.1s)
  ✓   59 [firefox] › tests/e2e/auth-email.spec.ts:145:13 › responsive en sign-in desktop light (1.0s)
  ✓   58 [firefox] › tests/e2e/charts-goals.spec.ts:19:5 › reading statistics metrics (1.3s)
  ✓   60 [firefox] › tests/e2e/calendar.spec.ts:67:5 › calendar day detail preserves paused and planned statuses (1.0s)
  ✓   62 [firefox] › tests/e2e/auth-email.spec.ts:145:13 › responsive en sign-in desktop dark (1.0s)
  ✓   63 [firefox] › tests/e2e/charts-goals.spec.ts:36:5 › annual goal updates (1.1s)
  ✓   64 [firefox] › tests/e2e/calendar.spec.ts:79:5 › calendar empty state (884ms)
  ✓   65 [firefox] › tests/e2e/auth-email.spec.ts:145:13 › responsive en sign-up mobile light (982ms)
  ✓   66 [firefox] › tests/e2e/charts-goals.spec.ts:48:5 › stats share fallback (1.1s)
  ✓   67 [firefox] › tests/e2e/calendar.spec.ts:86:5 › calendar network failure (839ms)
  ✓   68 [firefox] › tests/e2e/auth-email.spec.ts:145:13 › responsive en sign-up mobile dark (845ms)
  ✘   61 [firefox] › tests/e2e/consumer-shell.spec.ts:27:5 › desktop shell exposes exactly five tabs, deep-link state, search modes and timer mount (2.8s)
  ✘   50 [firefox] › tests/e2e/blab-parity.spec.ts:17:9 › en BLDS consumer contract at mobile (6.8s)
(node:77950) Warning: The 'NO_COLOR' env is ignored due to the 'FORCE_COLOR' env being set.
(Use `node --trace-warnings ...` to show where the warning was created)
  ✓   69 [firefox] › tests/e2e/charts-goals.spec.ts:57:5 › statistics empty state (997ms)
(node:77952) Warning: The 'NO_COLOR' env is ignored due to the 'FORCE_COLOR' env being set.
(Use `node --trace-warnings ...` to show where the warning was created)
  ✓   70 [firefox] › tests/e2e/calendar.spec.ts:93:5 › calendar foreign events stay out of day detail (980ms)
  ✓   71 [firefox] › tests/e2e/auth-email.spec.ts:145:13 › responsive en sign-up tablet light (862ms)
  ✓   75 [firefox] › tests/e2e/calendar.spec.ts:102:5 › calendar deleted books stay out of day detail (838ms)
  ✓   76 [firefox] › tests/e2e/auth-email.spec.ts:145:13 › responsive en sign-up tablet dark (954ms)
  ✓   73 [firefox] › tests/e2e/charts-goals.spec.ts:64:5 › statistics invalid-range (1.6s)
  ✓   78 [firefox] › tests/e2e/auth-email.spec.ts:145:13 › responsive en sign-up desktop light (1.3s)
  ✓   79 [firefox] › tests/e2e/charts-goals.spec.ts:71:5 › statistics stale snapshot (1.2s)
  ✓   77 [firefox] › tests/e2e/export.spec.ts:30:5 › export success keeps selected year, format and localized account action (2.4s)
  ✓   72 [firefox] › tests/e2e/consumer-shell.spec.ts:74:5 › mobile shell keeps five tabs and cycles home and chart re-taps in the URL (3.0s)
  ✓   80 [firefox] › tests/e2e/auth-email.spec.ts:145:13 › responsive en sign-up desktop dark (1.5s)
  ✓   81 [firefox] › tests/e2e/home-book-list.spec.ts:22:5 › happy path renders five native status tabs, cards, progress, target D-day, add entry and keeps soft-deleted rows hidden (1.9s)
  ✓   84 [firefox] › tests/e2e/auth-email.spec.ts:145:13 › responsive en reset-password mobile light (861ms)
  ✓   86 [firefox] › tests/e2e/auth-email.spec.ts:145:13 › responsive en reset-password mobile dark (857ms)
  ✓   82 [firefox] › tests/e2e/export.spec.ts:51:5 › export loading and empty states remain observable (3.1s)
  ✓   83 [firefox] › tests/e2e/consumer-shell.spec.ts:95:5 › pending and error boundaries remain inside the authenticated shell (3.1s)
  ✓   87 [firefox] › tests/e2e/auth-email.spec.ts:145:13 › responsive en reset-password tablet light (889ms)
  ✓   85 [firefox] › tests/e2e/home-book-list.spec.ts:57:5 › loading skeleton precedes the resolved reading list (2.2s)
  ✓   89 [firefox] › tests/e2e/consumer-shell.spec.ts:111:5 › unauthorized-private-data fixture never renders another reader's book (930ms)
  ✓   90 [firefox] › tests/e2e/auth-email.spec.ts:145:13 › responsive en reset-password tablet dark (952ms)
  ✘   74 [firefox] › tests/e2e/blab-parity.spec.ts:17:9 › en BLDS consumer contract at desktop (7.0s)
(node:77998) Warning: The 'NO_COLOR' env is ignored due to the 'FORCE_COLOR' env being set.
(Use `node --trace-warnings ...` to show where the warning was created)
  ✓   92 [firefox] › tests/e2e/consumer-shell.spec.ts:120:5 › expired-session redirects a refreshed private deep link to sign in (858ms)
  ✓   93 [firefox] › tests/e2e/auth-email.spec.ts:145:13 › responsive en reset-password desktop light (909ms)
  ✓   96 [firefox] › tests/e2e/auth-email.spec.ts:145:13 › responsive en reset-password desktop dark (951ms)
  ✓   91 [firefox] › tests/e2e/home-book-list.spec.ts:67:5 › empty status surfaces stay distinct and keep the add-entry action (3.3s)
  ✓   88 [firefox] › tests/e2e/export.spec.ts:68:5 › export unauthorized consent quota and offline states keep safe feedback (4.2s)
  ✓   97 [firefox] › tests/e2e/auth-email.spec.ts:164:5 › signup validates nickname and creates an email account (1.4s)
  ✓   94 [firefox] › tests/e2e/images-ocr.spec.ts:32:5 › upload, OCR and manual fallback keep a private image usable (2.8s)
  ✘   95 [firefox] › tests/e2e/blab-parity.spec.ts:83:5 › missing-session fails closed for the consumer home (1.9s)
(node:78018) Warning: The 'NO_COLOR' env is ignored due to the 'FORCE_COLOR' env being set.
(Use `node --trace-warnings ...` to show where the warning was created)
  ✓   99 [firefox] › tests/e2e/export.spec.ts:83:5 › mismatch invalid-year and caller identity are rejected (1.2s)
  ✓   98 [firefox] › tests/e2e/home-book-list.spec.ts:88:5 › network error offers retry and offline state is announced (2.0s)
  ✓  101 [firefox] › tests/e2e/images-ocr.spec.ts:51:5 › provider failure leaves the image available for manual text (1.4s)
  ✓  100 [firefox] › tests/e2e/auth-email.spec.ts:186:5 › login saves opted-in email and logout clears browser and server session (1.7s)
  ✓  105 [firefox] › tests/e2e/images-ocr.spec.ts:69:5 › oversize image is rejected before upload (1.0s)
  ✓  103 [firefox] › tests/e2e/export.spec.ts:105:5 › delivery and download failures expose a retryable error (2.2s)
  ✓  107 [firefox] › tests/e2e/images-ocr.spec.ts:80:5 › denied camera exposes the file fallback (2.6s)
  ✓  106 [firefox] › tests/e2e/auth-email.spec.ts:209:5 › recovery sends a non-enumerating link and updates the password (4.5s)
  ✓  109 [firefox] › tests/e2e/images-ocr.spec.ts:88:5 › insecure camera exposes the file fallback (1.2s)
  ✓  104 [firefox] › tests/e2e/notes-highlights.spec.ts:22:5 › create, edit and delete notes, highlights and memorable pages (6.0s)
  ✓  108 [firefox] › tests/e2e/onboarding.spec.ts:54:7 › ko three-page onboarding persists age policy through skip and start (4.2s)
  ✓  102 [firefox] › tests/e2e/library.spec.ts:19:5 › happy path keeps native tabs, title/author search, cursor pagination and record detail entry (6.0s)
  ✓  111 [firefox] › tests/e2e/images-ocr.spec.ts:96:5 › expired-url images remain rendered through a signed URL (1.1s)
  ✓  110 [firefox] › tests/e2e/auth-email.spec.ts:234:5 › invalid credentials show a localized non-enumerating error (1.8s)
  ✓  112 [firefox] › tests/e2e/notes-highlights.spec.ts:59:5 › invalid page and invalid rectangle values are rejected (1.0s)
  ✓  114 [firefox] › tests/e2e/library.spec.ts:62:5 › loading state precedes the resolved library response (1.3s)
  ✓  115 [firefox] › tests/e2e/progress.spec.ts:25:5 › progress moves forward and keeps history (1.3s)
  ✓  116 [firefox] › tests/e2e/auth-email.spec.ts:245:5 › unconfirmed email supports a localized resend cooldown (1.1s)
  ✘  120 [firefox] › tests/e2e/recall.spec.ts:23:5 › global recall search source expansion copy and history (202ms)
(node:78085) Warning: The 'NO_COLOR' env is ignored due to the 'FORCE_COLOR' env being set.
(Use `node --trace-warnings ...` to show where the warning was created)
  ✓  119 [firefox] › tests/e2e/progress.spec.ts:39:5 › progress completes at total pages (1.1s)
  ✓  113 [firefox] › tests/e2e/onboarding.spec.ts:54:7 › en three-page onboarding persists age policy through skip and start (2.8s)
  ✓  117 [firefox] › tests/e2e/notes-highlights.spec.ts:76:5 › index-failure keeps saved record visible and retry is idempotent (2.1s)
  ✓  118 [firefox] › tests/e2e/library.spec.ts:69:5 › cancellation keeps the latest debounced title search and discards the slow response (1.7s)
  ✓  124 [firefox] › tests/e2e/notes-highlights.spec.ts:96:5 › foreign record requests fail closed (478ms)
  ✓  122 [firefox] › tests/e2e/progress.spec.ts:53:5 › progress renders retry attempt messaging (959ms)
  ✓  123 [firefox] › tests/e2e/onboarding.spec.ts:94:5 › authenticated corrupt-storage state resets and remains completable (1.6s)
  ✓  127 [firefox] › tests/e2e/progress.spec.ts:62:5 › stale progress shows conflict and refetch (1.2s)
  ✓  129 [firefox] › tests/e2e/progress.spec.ts:74:5 › duplicate submits preserve one history event (930ms)
  ✓  121 [firefox] › tests/e2e/recall.spec.ts:60:5 › book recall search source navigation and signed image (2.8s)
  ✓  126 [firefox] › tests/e2e/review-share.spec.ts:22:5 › save, draft and share review outcomes (2.5s)
  ✓  128 [firefox] › tests/e2e/onboarding.spec.ts:113:5 › anonymous onboarding uses the localized authentication handoff (1.6s)
  ✓  130 [firefox] › tests/e2e/progress.spec.ts:98:5 › server-error never presents false success after history failure (1.2s)
  ✓  132 [firefox] › tests/e2e/review-share.spec.ts:56:5 › consent is required before generating a draft (1.2s)
  ✓  125 [firefox] › tests/e2e/library.spec.ts:84:5 › empty, foreign and unavailable boundaries stay private and retryable (5.3s)
  ✓  134 [firefox] › tests/e2e/progress.spec.ts:110:5 › progress page bounds reject a value above the total page count (1.4s)
  ✓  135 [firefox] › tests/e2e/review-share.spec.ts:63:5 › provider failure preserves an unsaved review (1.4s)
  ✓  138 [firefox] › tests/e2e/review-share.spec.ts:73:5 › clipboard failure uses the download fallback (1.3s)
  ✓  137 [firefox] › tests/e2e/session-lifecycle.spec.ts:95:5 › expired and invalid sessions produce one localized login redirect (2.1s)
  ✓  133 [firefox] › tests/e2e/routes.spec.ts:37:5 › localized consumer routes resolve inside the authenticated boundary (5.3s)
  ✓  140 [firefox] › tests/e2e/session-lifecycle.spec.ts:122:5 › foreign book IDs return the same safe not-found policy (1.1s)
  ✓  141 [firefox] › tests/e2e/routes.spec.ts:64:5 › unauthorized consumers are redirected to a localized sign-in with a safe return target (360ms)
  ✓  136 [firefox] › tests/e2e/library.spec.ts:116:5 › Recall entry searches records, keeps history separate from book results and exposes quota/consent states (3.4s)
  ✓  131 [firefox] › tests/e2e/recall.spec.ts:88:5 › consent quota foreign and empty recall states (6.4s)
  ✓  139 [firefox] › tests/e2e/timer.spec.ts:39:5 › timer starts, pauses, resumes, stops and survives refresh (2.9s)
  ✓  143 [firefox] › tests/e2e/routes.spec.ts:79:5 › unsafe return targets fall back to the authenticated home route (1.2s)
  ✓  144 [firefox] › tests/e2e/ui-primitives.spec.ts:77:11 › ko responsive BLab primitives at mobile in dark theme (1.1s)
  ✓  142 [firefox] › tests/e2e/session-lifecycle.spec.ts:132:5 › deleted books return the same safe not-found policy (1.7s)
  ✓  145 [firefox] › tests/e2e/recall.spec.ts:132:5 › history deletion is idempotent (1.0s)
  ✓  146 [firefox] › tests/e2e/timer.spec.ts:75:5 › stop caps sessions over eight hours (990ms)
  ✓  148 [firefox] › tests/e2e/ui-primitives.spec.ts:77:11 › ko responsive BLab primitives at mobile in light theme (975ms)
  ✓  147 [firefox] › tests/e2e/routes.spec.ts:87:5 › locale metadata and public route boundaries remain intact (1.2s)
  ✓  149 [firefox] › tests/e2e/session-lifecycle.spec.ts:141:5 › return-to login reloads the allowlisted deep link after authentication (1.1s)
  ✓  151 [firefox] › tests/e2e/timer.spec.ts:86:5 › minimum sessions are discarded (948ms)
  ✓  152 [firefox] › tests/e2e/ui-primitives.spec.ts:77:11 › ko responsive BLab primitives at desktop in dark theme (983ms)
  ✓  150 [firefox] › tests/e2e/web-push.spec.ts:66:5 › permission settings and deep-link registration (1.6s)
  ✓  154 [firefox] › tests/e2e/timer.spec.ts:98:5 › duplicate stop is harmless (874ms)
  ✓  155 [firefox] › tests/e2e/ui-primitives.spec.ts:77:11 › ko responsive BLab primitives at desktop in light theme (903ms)
  ✓  156 [firefox] › tests/e2e/web-push.spec.ts:93:5 › denied browser state remains recoverable (818ms)
  ✓  157 [firefox] › tests/e2e/timer.spec.ts:114:5 › logout clears browser timer state (903ms)
  ✓  159 [firefox] › tests/e2e/web-push.spec.ts:102:5 › unsupported browser keeps the in-app fallback (843ms)
  ✓  153 [firefox] › tests/e2e/session-lifecycle.spec.ts:159:5 › logout from a private deep link ends on sign-in and never reuses the link (2.4s)
  ✓  158 [firefox] › tests/e2e/ui-primitives.spec.ts:77:11 › en responsive BLab primitives at mobile in dark theme (1.4s)
  ✓  160 [firefox] › tests/e2e/web-push.spec.ts:110:5 › foreign subscription payload is rejected (789ms)
  ✓  161 [firefox] › tests/e2e/session-lifecycle.spec.ts:180:5 › network loss during auth bootstrap exposes a safe unavailable boundary (743ms)
  ✓  162 [firefox] › tests/e2e/ui-primitives.spec.ts:77:11 › en responsive BLab primitives at mobile in light theme (833ms)
  ✓  163 [firefox] › tests/e2e/ui-primitives.spec.ts:77:11 › en responsive BLab primitives at desktop in dark theme (818ms)
  ✓  164 [firefox] › tests/e2e/ui-primitives.spec.ts:77:11 › en responsive BLab primitives at desktop in light theme (823ms)
  ✓  165 [firefox] › tests/e2e/ui-primitives.spec.ts:121:5 › keyboard activation and focus contract (1.1s)


  1) [firefox] › tests/e2e/blab-parity.spec.ts:17:9 › ko BLDS consumer contract at mobile ──────────

    Error: expect(locator).toHaveAttribute(expected) failed

    Locator: getByRole('button', { name: '새로고침' }).first()
    Expected: "button"
    Timeout: 5000ms
    Error: element(s) not found

    Call log:
      - Expect "toHaveAttribute" getByRole('button', { name: '새로고침' }).first() with timeout 5000ms
      - waiting for getByRole('button', { name: '새로고침' }).first()


      25 |           name: locale === "ko" ? "새로고침" : "Refresh",
      26 |         }).first();
    > 27 |         await expect(refreshButton).toHaveAttribute("data-blab-component", "button");
         |                                     ^
      28 |         await refreshButton.focus();
      29 |         await expect(refreshButton).toBeFocused();
      30 |         await refreshButton.click();
        at /private/tmp/bookgolas-web-448/web/tests/e2e/blab-parity.spec.ts:27:37

    Error Context: test-results/blab-parity-ko-BLDS-consumer-contract-at-mobile-firefox/error-context.md

  2) [firefox] › tests/e2e/blab-parity.spec.ts:17:9 › ko BLDS consumer contract at desktop ─────────

    Error: expect(locator).toHaveAttribute(expected) failed

    Locator: getByRole('button', { name: '새로고침' }).first()
    Expected: "button"
    Timeout: 5000ms
    Error: element(s) not found

    Call log:
      - Expect "toHaveAttribute" getByRole('button', { name: '새로고침' }).first() with timeout 5000ms
      - waiting for getByRole('button', { name: '새로고침' }).first()


      25 |           name: locale === "ko" ? "새로고침" : "Refresh",
      26 |         }).first();
    > 27 |         await expect(refreshButton).toHaveAttribute("data-blab-component", "button");
         |                                     ^
      28 |         await refreshButton.focus();
      29 |         await expect(refreshButton).toBeFocused();
      30 |         await refreshButton.click();
        at /private/tmp/bookgolas-web-448/web/tests/e2e/blab-parity.spec.ts:27:37

    Error Context: test-results/blab-parity-ko-BLDS-consumer-contract-at-desktop-firefox/error-context.md

  3) [firefox] › tests/e2e/blab-parity.spec.ts:17:9 › en BLDS consumer contract at mobile ──────────

    Error: expect(locator).toHaveAttribute(expected) failed

    Locator: getByRole('button', { name: 'Refresh' }).first()
    Expected: "button"
    Timeout: 5000ms
    Error: element(s) not found

    Call log:
      - Expect "toHaveAttribute" getByRole('button', { name: 'Refresh' }).first() with timeout 5000ms
      - waiting for getByRole('button', { name: 'Refresh' }).first()


      25 |           name: locale === "ko" ? "새로고침" : "Refresh",
      26 |         }).first();
    > 27 |         await expect(refreshButton).toHaveAttribute("data-blab-component", "button");
         |                                     ^
      28 |         await refreshButton.focus();
      29 |         await expect(refreshButton).toBeFocused();
      30 |         await refreshButton.click();
        at /private/tmp/bookgolas-web-448/web/tests/e2e/blab-parity.spec.ts:27:37

    Error Context: test-results/blab-parity-en-BLDS-consumer-contract-at-mobile-firefox/error-context.md

  4) [firefox] › tests/e2e/blab-parity.spec.ts:17:9 › en BLDS consumer contract at desktop ─────────

    Error: expect(locator).toHaveAttribute(expected) failed

    Locator: getByRole('button', { name: 'Refresh' }).first()
    Expected: "button"
    Timeout: 5000ms
    Error: element(s) not found

    Call log:
      - Expect "toHaveAttribute" getByRole('button', { name: 'Refresh' }).first() with timeout 5000ms
      - waiting for getByRole('button', { name: 'Refresh' }).first()


      25 |           name: locale === "ko" ? "새로고침" : "Refresh",
      26 |         }).first();
    > 27 |         await expect(refreshButton).toHaveAttribute("data-blab-component", "button");
         |                                     ^
      28 |         await refreshButton.focus();
      29 |         await expect(refreshButton).toBeFocused();
      30 |         await refreshButton.click();
        at /private/tmp/bookgolas-web-448/web/tests/e2e/blab-parity.spec.ts:27:37

    Error Context: test-results/blab-parity-en-BLDS-consumer-contract-at-desktop-firefox/error-context.md

  5) [firefox] › tests/e2e/blab-parity.spec.ts:83:5 › missing-session fails closed for the consumer home

    Error: expect(received).toBe(expected) // Object.is equality

    Expected: "/en/home"
    Received: null

      86 |
      87 |   if (destination.pathname === "/en/auth/sign-in") {
    > 88 |     expect(destination.searchParams.get("next")).toBe("/en/home");
         |                                                  ^
      89 |     return;
      90 |   }
      91 |
        at /private/tmp/bookgolas-web-448/web/tests/e2e/blab-parity.spec.ts:88:50

    Error Context: test-results/blab-parity-missing-sessio-bd6c8-losed-for-the-consumer-home-firefox/error-context.md

  6) [firefox] › tests/e2e/consumer-shell.spec.ts:27:5 › desktop shell exposes exactly five tabs, deep-link state, search modes and timer mount

    Error: page.reload: NS_BINDING_ABORTED
    Call log:
      - waiting for navigation until "networkidle"


      63 |   await expect(page).toHaveURL(/\/en\/library\?view=records&mode=recall$/);
      64 |   await expect(page.getByTestId("consumer-shell")).toHaveAttribute("data-active-tab", "library");
    > 65 |   await page.reload({ waitUntil: "networkidle" });
         |              ^
      66 |   await expect(page).toHaveURL(/\/en\/library\?view=records&mode=recall$/);
      67 |   await expect(page.getByTestId("consumer-shell")).toHaveAttribute("data-active-tab", "library");
      68 |
        at /private/tmp/bookgolas-web-448/web/tests/e2e/consumer-shell.spec.ts:65:14

    Error Context: test-results/consumer-shell-desktop-she-867ef-earch-modes-and-timer-mount-firefox/error-context.md

  7) [firefox] › tests/e2e/recall.spec.ts:23:5 › global recall search source expansion copy and history

    Error: browserContext.grantPermissions: Unknown permission: clipboard-read

      23 | test("global recall search source expansion copy and history", async ({ context, page }) => {
      24 |   await setFixture(context, "recall-happy");
    > 25 |   await context.grantPermissions(["clipboard-read", "clipboard-write"], { origin: "http://127.0.0.1:3000" });
         |                 ^
      26 |   await page.setViewportSize({ width: 1440, height: 900 });
      27 |   await page.emulateMedia({ colorScheme: "light", reducedMotion: "reduce" });
      28 |   await page.goto("/en/library?mode=recall", { waitUntil: "networkidle" });
        at /private/tmp/bookgolas-web-448/web/tests/e2e/recall.spec.ts:25:17

    Error Context: test-results/recall-global-recall-searc-5dcd6--expansion-copy-and-history-firefox/error-context.md

  7 failed
    [firefox] › tests/e2e/blab-parity.spec.ts:17:9 › ko BLDS consumer contract at mobile ───────────
    [firefox] › tests/e2e/blab-parity.spec.ts:17:9 › ko BLDS consumer contract at desktop ──────────
    [firefox] › tests/e2e/blab-parity.spec.ts:17:9 › en BLDS consumer contract at mobile ───────────
    [firefox] › tests/e2e/blab-parity.spec.ts:17:9 › en BLDS consumer contract at desktop ──────────
    [firefox] › tests/e2e/blab-parity.spec.ts:83:5 › missing-session fails closed for the consumer home
    [firefox] › tests/e2e/consumer-shell.spec.ts:27:5 › desktop shell exposes exactly five tabs, deep-link state, search modes and timer mount
    [firefox] › tests/e2e/recall.spec.ts:23:5 › global recall search source expansion copy and history
  158 passed (1.4m)
