A  .omo/evidence/bookgolas-web-app-parity/task-23-GREEN-negative-notes-highlights.log
A  .omo/evidence/bookgolas-web-app-parity/task-23-GREEN-test-notes-highlights.log
A  .omo/evidence/bookgolas-web-app-parity/task-23-RED-test-notes-highlights.log
A  .omo/evidence/bookgolas-web-app-parity/task-23-SURFACE-build.log
A  .omo/evidence/bookgolas-web-app-parity/task-23-SURFACE-failure.log
A  .omo/evidence/bookgolas-web-app-parity/task-23-SURFACE-happy.log
A  .omo/evidence/bookgolas-web-app-parity/task-23-bookgolas-web-app-parity.json
A  .omo/evidence/bookgolas-web-app-parity/task-23-bookgolas-web-parity.png
A  .omo/evidence/bookgolas-web-app-parity/task-23-full-regression.log
A  .omo/evidence/bookgolas-web-app-parity/task-23-quality.log
A  .omo/evidence/bookgolas-web-app-parity/task-23-review.md
A  supabase/migrations/20260916120000_create_consumer_reading_records.sql
A  web/docs/notes-highlights-contract.json
M  web/messages/en.json
M  web/messages/ko.json
M  web/package.json
A  web/scripts/fixtures/notes-highlights-negative.json
A  web/scripts/test-notes-highlights.mjs
A  web/src/app/api/consumer/notes-highlights/route.test.ts
A  web/src/app/api/consumer/notes-highlights/route.ts
M  web/src/components/consumer/book-detail-client.tsx
A  web/src/components/consumer/notes-highlights-client.tsx
A  web/src/lib/consumer/notes-highlights-fixtures.ts
M  web/src/lib/consumer/queries.ts
M  web/src/lib/consumer/route-fixture.ts
M  web/src/lib/product/contracts/index.ts
A  web/src/lib/product/contracts/notes-highlights.test.ts
A  web/src/lib/product/contracts/notes-highlights.ts
A  web/src/lib/product/dal.consumer-records.test.ts
A  web/src/lib/product/dal/consumer-records.ts
M  web/src/lib/product/dal/index.ts
M  web/src/proxy.ts
A  web/tests/e2e/notes-highlights.spec.ts
?? .omo/evidence/bookgolas-web-app-parity/task-23-CLEANUP.log
