
> web@0.1.0 test
> vitest run && npm run test:parity-matrix && npm run test:parity-matrix:negative && npm run test:blab-parity && npm run test:blab-parity:negative && npm run test:blab-render && npm run test:ui-primitives && npm run test:ui-primitives:negative


 RUN  v3.2.7 /private/tmp/bookgolas-web-427/web

 ✓ src/lib/consumer/queries.test.ts (6 tests) 5ms
 ✓ src/app/[locale]/(auth)/auth/callback/route.test.ts (7 tests) 8ms
 ✓ src/proxy.test.ts (20 tests) 13ms
 ✓ src/app/actions/reading-progress.test.ts (3 tests) 4ms
 ✓ src/lib/product/contracts/requests.test.ts (18 tests) 11ms
 ✓ src/lib/product/contracts/contracts.test.ts (26 tests) 20ms
 ✓ src/lib/product/dal.test.ts (9 tests) 15ms
 ✓ src/lib/product/adapters.storage.test.ts (4 tests) 6ms
 ✓ src/lib/product/adapters.test.ts (13 tests) 20ms
 ✓ src/lib/consumer/auth.test.ts (8 tests) 5ms
 ✓ src/lib/product/dal.writes.test.ts (3 tests) 14ms
 ✓ src/app/api/app/books/route.test.ts (4 tests) 10ms
 ✓ src/lib/consumer/paths.test.ts (28 tests) 4ms
 ✓ src/app/api/consumer/consent/route.test.ts (3 tests) 12ms
 ✓ src/app/api/app/books/[bookId]/route.test.ts (4 tests) 9ms
 ✓ src/lib/consumer/onboarding.test.ts (3 tests) 2ms
 ✓ src/lib/product/adapters.tables.test.ts (3 tests) 8ms
 ✓ src/lib/consumer/oauth.test.ts (5 tests) 4ms
 ✓ src/lib/auth-boundary.test.ts (5 tests) 64ms
 ✓ src/lib/consumer/route-fixture.test.ts (9 tests) 3ms
 ✓ src/lib/consumer/session-lifecycle.test.ts (7 tests) 3ms
 ✓ src/lib/consumer/types.test.ts (2 tests) 2ms
 ✓ src/lib/consumer/shell.test.ts (3 tests) 2ms
 ✓ src/app/api/app/books/search/route.test.ts (2 tests) 8ms

 Test Files  24 passed (24)
      Tests  195 passed (195)
   Start at  02:09:45
   Duration  1.05s (transform 766ms, setup 0ms, collect 2.98s, tests 253ms, environment 2ms, prepare 1.56s)


> web@0.1.0 test:parity-matrix
> node scripts/test-parity-matrix.mjs

parity matrix passed: 20 routes, 53 overlays, 8 capabilities

> web@0.1.0 test:parity-matrix:negative
> node scripts/test-parity-matrix.mjs --assert-fixtures

parity matrix failed with 2 error(s)
- negative fixture unexpectedly passed: complete-with-aliased-evidence (unexpected exit 1)
- negative fixture unexpectedly passed: complete-with-cross-role-alias (unexpected exit 1)
