
> web@0.1.0 test
> vitest run && npm run test:parity-matrix && npm run test:parity-matrix:negative && npm run test:blab-parity && npm run test:blab-parity:negative && npm run test:blab-render && npm run test:ui-primitives && npm run test:ui-primitives:negative && npm run test:progress-ui && npm run test:progress-ui:negative


 RUN  v3.2.7 /private/tmp/bookgolas-web-434/web

 ✓ src/app/[locale]/(auth)/auth/callback/route.test.ts (7 tests) 8ms
 ✓ src/proxy.test.ts (20 tests) 13ms
 ✓ src/lib/product/contracts/contracts.test.ts (26 tests) 18ms
 ✓ src/app/api/consumer/book-detail/route.test.ts (4 tests) 13ms
 ✓ src/app/api/consumer/progress/route.test.ts (6 tests) 19ms
 ✓ src/lib/product/dal.writes.test.ts (6 tests) 18ms
 ✓ src/lib/product/dal.test.ts (9 tests) 17ms
 ✓ src/lib/product/adapters.storage.test.ts (4 tests) 8ms
 ✓ src/lib/product/adapters.test.ts (13 tests) 23ms
 ✓ src/app/actions/reading-progress.test.ts (3 tests) 5ms
 ✓ src/lib/consumer/home-book-list.test.ts (6 tests) 8ms
 ✓ src/lib/consumer/queries.test.ts (6 tests) 6ms
 ✓ src/lib/product/contracts/requests.test.ts (18 tests) 14ms
 ✓ src/lib/product/adapters.tables.test.ts (4 tests) 10ms
 ✓ src/lib/consumer/auth.test.ts (8 tests) 5ms
 ✓ src/app/api/consumer/book-lifecycle/route.test.ts (3 tests) 10ms
 ✓ src/lib/product/dal.records.test.ts (2 tests) 23ms
 ✓ src/app/api/app/books/route.test.ts (4 tests) 9ms
 ✓ src/lib/product/contracts/book-lifecycle.test.ts (5 tests) 7ms
 ✓ src/lib/consumer/progress-fixtures.test.ts (3 tests) 24ms
 ✓ src/lib/product/contracts/book-detail.test.ts (3 tests) 9ms
 ✓ src/lib/product/contracts/progress-ui.test.ts (4 tests) 8ms
 ✓ src/app/api/consumer/book-discovery/route.test.ts (4 tests) 12ms
 ✓ src/app/api/app/books/[bookId]/route.test.ts (4 tests) 11ms
 ✓ src/lib/consumer/paths.test.ts (28 tests) 4ms
 ✓ src/lib/consumer/oauth.test.ts (5 tests) 5ms
 ✓ src/lib/product/contracts/book-discovery.test.ts (4 tests) 7ms
 ✓ src/lib/consumer/onboarding.test.ts (3 tests) 2ms
 ✓ src/lib/auth-boundary.test.ts (5 tests) 76ms
 ✓ src/app/api/consumer/consent/route.test.ts (3 tests) 13ms
 ✓ src/lib/consumer/types.test.ts (2 tests) 3ms
 ✓ src/lib/consumer/library.test.ts (4 tests) 21ms
 ✓ src/lib/consumer/route-fixture.test.ts (9 tests) 3ms
 ✓ src/app/api/app/books/search/route.test.ts (2 tests) 8ms
 ✓ src/lib/consumer/shell.test.ts (3 tests) 2ms
 ✓ src/lib/consumer/session-lifecycle.test.ts (7 tests) 3ms
 ✓ src/lib/consumer/isbn.test.ts (2 tests) 2ms
 ✓ src/lib/product/adapters.book-search.test.ts (1 test) 5ms

 Test Files  38 passed (38)
      Tests  250 passed (250)
   Start at  05:33:59
   Duration  1.70s (transform 926ms, setup 0ms, collect 5.62s, tests 453ms, environment 4ms, prepare 2.18s)


> web@0.1.0 test:parity-matrix
> node scripts/test-parity-matrix.mjs

parity matrix passed: 20 routes, 53 overlays, 8 capabilities

> web@0.1.0 test:parity-matrix:negative
> node scripts/test-parity-matrix.mjs --assert-fixtures

parity matrix failed with 2 error(s)
- negative fixture unexpectedly passed: complete-with-aliased-evidence (unexpected exit 1)
- negative fixture unexpectedly passed: complete-with-cross-role-alias (unexpected exit 1)
